C51 COMPILER V9.60.0.0   V1                                                                11/11/2021 15:26:52 PAGE 1   


C51 COMPILER V9.60.0.0, COMPILATION OF MODULE V1
OBJECT MODULE PLACED IN .\Objects\v1.obj
COMPILER INVOKED BY: C:\Keil_v5\C51\BIN\C51.EXE v1.c OPTIMIZE(8,SPEED) BROWSE DEBUG OBJECTEXTEND PRINT(.\Listings\v1.lst
                    -) TABS(2) OBJECT(.\Objects\v1.obj)

line level    source

   1          // RFID Based door lock system Using 8051 Microcontroller
   2          
   3          //library description
   4          #include<reg51.h>
   5          #include<string.h>
   6          #include<stdio.h>
   7          #define LCDPORT P1
   8          
   9          sbit rs=P1^0;
  10          sbit rw=P1^1;
  11          sbit en=P1^2;
  12          sbit Motor1=P2^4;
  13          sbit Motor2=P2^3;
  14          char i,rx_data[50];
  15          char rfid[13],ch=0;
  16          int counter1, counter2, counter3;
  17          unsigned char result[1];
  18          
  19           void delay(int itime)
  20          {
  21   1          int i,j;
  22   1          for(i=0;i<itime;i++)
  23   1          for(j=0;j<1275;j++);
  24   1      }
  25          
  26          void daten()
  27          {
  28   1          rs=1;
  29   1          rw=0;
  30   1          en=1;
  31   1          delay(5);
  32   1          en=0;
  33   1      }
  34          
  35          void lcddata(unsigned char ch)
  36          {
  37   1          LCDPORT=ch & 0xf0;
  38   1          daten();
  39   1          LCDPORT=(ch<<4) & 0xf0;
  40   1          daten();
  41   1      }
  42          
  43          void cmden(void)
  44          {
  45   1          rs=0;
  46   1          en=1;
  47   1          delay(5);
  48   1          en=0;
  49   1      }
  50          
  51          void lcdcmd(unsigned char ch)
  52          {
  53   1          LCDPORT=ch & 0xf0;
  54   1          cmden();
C51 COMPILER V9.60.0.0   V1                                                                11/11/2021 15:26:52 PAGE 2   

  55   1          LCDPORT=(ch<<4) & 0xf0;
  56   1          cmden();
  57   1      }
  58          
  59          void lcdstring(char *str)
  60          {
  61   1          while(*str)
  62   1          {
  63   2              lcddata(*str);
  64   2              str++;
  65   2          }
  66   1      }
  67          
  68          void lcd_init(void)
  69          {
  70   1          lcdcmd(0x02);
  71   1          lcdcmd(0x28);
  72   1          lcdcmd(0x0e);
  73   1          lcdcmd(0x01);
  74   1      }
  75          
  76          void uart_init()
  77          {
  78   1       TMOD=0x20;
  79   1       SCON=0x50;
  80   1       TH1=0xfd;
  81   1       TR1=1;
  82   1      }
  83          char rxdata()
  84          {
  85   1        while(!RI);
  86   1          ch=SBUF;    
  87   1          RI=0;
  88   1          return ch;
  89   1      }
  90          
  91          void main()
  92          {
  93   1          uart_init();
  94   1          lcd_init();
  95   1          lcdstring("---RFID Based---");
  96   1          lcdcmd(0xc0);
  97   1          lcdstring("Security System"); 
  98   1          delay(500);
  99   1          lcd_init();
 100   1          lcdstring("TEAM PRO");
 101   1          lcdcmd(0xc0);
 102   1          lcdstring("MINI PROJECT");
 103   1          delay(400);
 104   1          while(1)
 105   1          {
 106   2              lcdcmd(1);
 107   2              lcdstring("Scan Your Card:");
 108   2              lcdcmd(0xc0);
 109   2              i=0;
 110   2              for(i=0;i<12;i++)
 111   2              rfid[i]=rxdata();
 112   2              rfid[i]='\0';
 113   2              lcdcmd(1);
 114   2            lcdstring("Rfid No. is:");
 115   2              lcdcmd(0xc0);
 116   2              for(i=0;i<12;i++)
C51 COMPILER V9.60.0.0   V1                                                                11/11/2021 15:26:52 PAGE 3   

 117   2              lcddata(rfid[i]);
 118   2              delay(100);
 119   2              if(strncmp(rfid,"1600ADC369A",12)==0)
 120   2              {
 121   3                  counter1++;
 122   3                  lcdcmd(1);             
 123   3                  lcdstring(" Authorised");
 124   3                  delay(200);
 125   3                  lcdcmd(1);
 126   3                  lcdstring(" VIJAY ");
 127   3                  lcdcmd(0xc0);
 128   3                  lcdstring("Member: ");
 129   3                  sprintf(result, "%d", counter1);
 130   3                  lcdstring(result);
 131   3                  
 132   3                  Motor1=1;
 133   3                  Motor2=0;
 134   3                  delay(300);
 135   3                  Motor1=0;
 136   3                  Motor2=0;
 137   3                  delay(200);
 138   3                  Motor1=0;
 139   3                  Motor2=1;
 140   3              }
 141   2              
 142   2              else if(strncmp(rfid,"1600ADC368A2",12)==0)
 143   2                  {
 144   3                  counter2++;
 145   3                  lcdcmd(1);
 146   3                  lcdstring(" Authorised");
 147   3                  delay(200);
 148   3                  lcdcmd(1);
 149   3                  lcdstring(" HEMANGI ");
 150   3                  lcdcmd(0xc0);
 151   3                  lcdstring("Member: ");
 152   3                  sprintf(result, "%d", counter2); 
 153   3                  lcdstring(result);
 154   3                  
 155   3                  Motor1=1;
 156   3                  Motor2=0;
 157   3                  delay(300);
 158   3                  Motor1=0;
 159   3                  Motor2=0;
 160   3                  delay(200);
 161   3                  Motor1=0;
 162   3                  Motor2=1;
 163   3                  delay(300);
 164   3                  Motor1=0;
 165   3                  Motor2=0;
 166   3            }
 167   2                  
 168   2                      else if(strncmp(rfid,"1600ABCD14A3",12)==0)
 169   2                  {
 170   3                      counter3++;
 171   3                  lcdcmd(1);
 172   3                  lcdstring(" Authorised");
 173   3                  delay(200);
 174   3                  lcdcmd(1);
 175   3                  lcdstring(" PRIYA ");
 176   3                  lcdcmd(0xc0);
 177   3                  lcdstring("Member: ");
 178   3                  sprintf(result, "%d", counter3);
C51 COMPILER V9.60.0.0   V1                                                                11/11/2021 15:26:52 PAGE 4   

 179   3                  lcdstring(result);
 180   3                  
 181   3                  Motor1=1;
 182   3                  Motor2=0;
 183   3                  delay(300);
 184   3                  Motor1=0;
 185   3                  Motor2=0;
 186   3                  delay(200);
 187   3                  Motor1=0;
 188   3                  Motor2=1;
 189   3                  delay(300);
 190   3                  Motor1=0;
 191   3                  Motor2=0;
 192   3      
 193   3                  }
 194   2      
 195   2              else 
 196   2              {
 197   3                 lcdcmd(1);
 198   3                 lcdstring("UNAUTHORISED");
 199   3                 lcdcmd(0xc0);
 200   3                 lcdstring("Try Another Card");
 201   3                 delay(300);
 202   3                 
 203   3              }
 204   2        }
 205   1      }


MODULE INFORMATION:   STATIC OVERLAYABLE
   CODE SIZE        =    769    ----
   CONSTANT SIZE    =    202    ----
   XDATA SIZE       =   ----    ----
   PDATA SIZE       =   ----    ----
   DATA SIZE        =     72       3
   IDATA SIZE       =   ----    ----
   BIT SIZE         =   ----    ----
END OF MODULE INFORMATION.


C51 COMPILATION COMPLETE.  0 WARNING(S),  0 ERROR(S)
